1097551039
1057635605
744914764
841051175
553365107
916723577
50478533
1037810804
1106476939
1019839414
1202732743
1232187285
43310158
786872103
17401297
39281966
1088664799
959808903
1183717747
840927703
52559229
1085156076
1029560997
942045029
42780471
1052450975
992798630
1243000176
1003209782
61332593
34150960
1081297655
268789401
1083300787
895650546
43903564
52937386
43845565
169455558
959373652
916140635
779577263
41531832
1233025104
